_format_version: "3.0"
_info:
  defaults: {}
  select_tags:
  - cbe2fd20f5a2488c30f5fb6604a2efebf8aa1d7647539065fd9c223823346890
  - b4af8a8c5162bf25ad5a8c1457cf6769482c726a4df165bc0589040c33b06055
consumer_groups:
- id: 38c0beab-f5fe-4ba1-be39-578b8b0e57b0
  name: 4953b168252ecb0356979d2ac0b0cbafe43abd0f881f9f437f24db42c4f965b8
  tags:
  - cbe2fd20f5a2488c30f5fb6604a2efebf8aa1d7647539065fd9c223823346890
  - b4af8a8c5162bf25ad5a8c1457cf6769482c726a4df165bc0589040c33b06055
